// Jest Snapshot v1, https://goo.gl/fbAQLP

exports[`binaryish.coffee 1`] = `
computedDescriptionLines = (showConfirm && descriptionLinesConfirming) || (focused && !loading && descriptionLinesFocused) || descriptionLines

computedDescriptionLines = focused and not loading and descriptionLinesFocused or descriptionLines
~~~~~~~~~~~~~~~~~~~~~~~~~~~~~~~~~~~~~~~~~~~~~~~~~~~~~~~~~~~~~~~~~~~~~~~~~~~~~~~~
computedDescriptionLines =
  (showConfirm && descriptionLinesConfirming) ||
  (focused && !loading && descriptionLinesFocused) ||
  descriptionLines

computedDescriptionLines =
  (focused and not loading and descriptionLinesFocused) or descriptionLines

`;

exports[`breaking.coffee 1`] = `
someVariableThatsGotALongName = not (someCondition or someOtherVeryVeryLongConition)
~~~~~~~~~~~~~~~~~~~~~~~~~~~~~~~~~~~~~~~~~~~~~~~~~~~~~~~~~~~~~~~~~~~~~~~~~~~~~~~~
someVariableThatsGotALongName = not (
  someCondition or someOtherVeryVeryLongConition
)

`;

exports[`chained.coffee 1`] = `
firstVar = secondVar = somethingLongEnoughToCauseTheOuterAssignmentToBreak(someArg)
~~~~~~~~~~~~~~~~~~~~~~~~~~~~~~~~~~~~~~~~~~~~~~~~~~~~~~~~~~~~~~~~~~~~~~~~~~~~~~~~
firstVar = secondVar = somethingLongEnoughToCauseTheOuterAssignmentToBreak(
  someArg
)

`;

exports[`heregex.coffee 1`] = `
thisAssignmentShouldntBreak = ///
  a heregex containing a long enough line to cause a break (?:[abcdefghijklmnopqrs])
///

butThisOneShould = /// an inline heregex containing a long enough line to cause a break (?:[abcdefghijklmnopqrs]) ///
~~~~~~~~~~~~~~~~~~~~~~~~~~~~~~~~~~~~~~~~~~~~~~~~~~~~~~~~~~~~~~~~~~~~~~~~~~~~~~~~
thisAssignmentShouldntBreak = ///
  a heregex containing a long enough line to cause a break (?:[abcdefghijklmnopqrs])
///

butThisOneShould =
  /// an inline heregex containing a long enough line to cause a break (?:[abcdefghijklmnopqrs]) ///

`;

exports[`member-expression.coffee 1`] = `
aaaaaaaaaaaaa = bbbbbbbbbbbbbbb[if ccccccccccccccc then ddddddddddd else eeeeeeeee]

aaaaaaaaaaaaa: bbbbbbbbbbbbbbb[if ccccccccccccccc then ddddddddddd else eeeeeeeee]
~~~~~~~~~~~~~~~~~~~~~~~~~~~~~~~~~~~~~~~~~~~~~~~~~~~~~~~~~~~~~~~~~~~~~~~~~~~~~~~~
aaaaaaaaaaaaa = bbbbbbbbbbbbbbb[
  if ccccccccccccccc then ddddddddddd else eeeeeeeee
]

aaaaaaaaaaaaa: bbbbbbbbbbbbbbb[
  if ccccccccccccccc then ddddddddddd else eeeeeeeee
]

`;

exports[`tagged-template-literal.coffee 1`] = `
a = '''
  b
'''

a: """
  b
"""

code: String.raw'''
  x + y
'''
~~~~~~~~~~~~~~~~~~~~~~~~~~~~~~~~~~~~~~~~~~~~~~~~~~~~~~~~~~~~~~~~~~~~~~~~~~~~~~~~
a = '''
  b
'''

a: '''
  b
'''

code: String.raw'''
  x + y
'''

`;

exports[`to-member-expression.coffee 1`] = `
a.bbbbbbbbbbbbbbbbbbbbbbbbbbbbbbbbbbbbbbbbbbbbbbbbbbbbbbbbbbbbbbbbbbbbbbbbbbb = class C
  d: ->
~~~~~~~~~~~~~~~~~~~~~~~~~~~~~~~~~~~~~~~~~~~~~~~~~~~~~~~~~~~~~~~~~~~~~~~~~~~~~~~~
a.bbbbbbbbbbbbbbbbbbbbbbbbbbbbbbbbbbbbbbbbbbbbbbbbbbbbbbbbbbbbbbbbbbbbbbbbbbb = class C
  d: ->

`;
