// Jest Snapshot v1, https://goo.gl/fbAQLP

exports[`index.coffee 1`] = `
a[b c]

@_list[getId node]
~~~~~~~~~~~~~~~~~~~~~~~~~~~~~~~~~~~~~~~~~~~~~~~~~~~~~~~~~~~~~~~~~~~~~~~~~~~~~~~~
a[b c]

@_list[getId node]

`;

exports[`last-object-property.coffee 1`] = `
[
  code: aaaaaaaaaaaaaaaaaaaaaaaaaaaaaaaaaaaaaaaaaaaaaaaaaaaaaaaaa.join '\\n'
,
  b
]
~~~~~~~~~~~~~~~~~~~~~~~~~~~~~~~~~~~~~~~~~~~~~~~~~~~~~~~~~~~~~~~~~~~~~~~~~~~~~~~~
[
  code: aaaaaaaaaaaaaaaaaaaaaaaaaaaaaaaaaaaaaaaaaaaaaaaaaaaaaaaaa.join '\\n'
,
  b
]

`;

exports[`postfix-if.coffee 1`] = `
g {
  a: b
  c: d
} if e

return g {
  a: b
  c: d
} if e
~~~~~~~~~~~~~~~~~~~~~~~~~~~~~~~~~~~~~~~~~~~~~~~~~~~~~~~~~~~~~~~~~~~~~~~~~~~~~~~~
g(
  a: b
  c: d
) if e

return g(
  a: b
  c: d
) if e

`;

exports[`trailing-call-in-condition.coffee 1`] = `
if a((b) ->
  c
  d
)
  e

e if a((b) ->
  c
  d
)

while a((b) ->
  c
  d
)
  e

e while a((b) ->
  c
  d
)

for f in a((b) ->
  c
  d
)
  e

e for f in a((b) ->
  c
  d
)

switch a((b) ->
  c
  d
)
  when e then f

class A extends a((b) ->
  c
  d
)
  e: 1
~~~~~~~~~~~~~~~~~~~~~~~~~~~~~~~~~~~~~~~~~~~~~~~~~~~~~~~~~~~~~~~~~~~~~~~~~~~~~~~~
if a((b) ->
  c
  d
)
  e

e if a (b) ->
  c
  d

while a((b) ->
  c
  d
)
  e

e while a (b) ->
  c
  d

for f in a((b) ->
  c
  d
)
  e

e for f in a (b) ->
  c
  d

switch a((b) ->
  c
  d
)
  when e then f

class A extends a((b) ->
  c
  d
)
  e: 1

`;
