// Jest Snapshot v1, https://goo.gl/fbAQLP

exports[`general.coffee 1`] = `
class A extends B
  constructor: (@a) ->
    super()

  normalMethod: ->
    doSomething()

  @staticMethod: ->
  boundMethod: =>

  b = 3
  c: 4
  d: 5
~~~~~~~~~~~~~~~~~~~~~~~~~~~~~~~~~~~~~~~~~~~~~~~~~~~~~~~~~~~~~~~~~~~~~~~~~~~~~~~~
class A extends B
  constructor: (@a) ->
    super()

  normalMethod: ->
    doSomething()

  @staticMethod: ->
  boundMethod: =>

  b = 3
  c: 4
  d: 5

`;
