// Jest Snapshot v1, https://goo.gl/fbAQLP

exports[`object-body.coffee 1`] = `
(a) -> {some: veryVeryVeryVeryVeryVeryVeryVeryVeryVeryVeryVeryVeryLongObject, shorthandProperty}

(a) -> some: veryVeryVeryVeryVeryVeryVeryVeryVeryVeryVeryVeryVeryLongObject, another: property

[aaaaaaaaaaaaaaaaaaaaaaaaaaaaaaaaaaaaa, bbbbbbbbbbbbbbbbbbbbbb, ccccccccccccccccccccccccc].map (code) -> {code, errors: something(dddddddddddddddddddddddddddddddddddddddddddddddddddddddddd)}
~~~~~~~~~~~~~~~~~~~~~~~~~~~~~~~~~~~~~~~~~~~~~~~~~~~~~~~~~~~~~~~~~~~~~~~~~~~~~~~~
(a) -> {
  some: veryVeryVeryVeryVeryVeryVeryVeryVeryVeryVeryVeryVeryLongObject
  shorthandProperty
}

(a) ->
  some: veryVeryVeryVeryVeryVeryVeryVeryVeryVeryVeryVeryVeryLongObject
  another: property

[
  aaaaaaaaaaaaaaaaaaaaaaaaaaaaaaaaaaaaa
  bbbbbbbbbbbbbbbbbbbbbb
  ccccccccccccccccccccccccc
].map (code) -> {
  code
  errors: something dddddddddddddddddddddddddddddddddddddddddddddddddddddddddd
}

`;
