// Jest Snapshot v1, https://goo.gl/fbAQLP

exports[`else.coffee 1`] = `
f = ->
  if position
    return name: pair
  else
    return {name: pair.substring(0, position), value: pair.substring(position + 1)}
~~~~~~~~~~~~~~~~~~~~~~~~~~~~~~~~~~~~~~~~~~~~~~~~~~~~~~~~~~~~~~~~~~~~~~~~~~~~~~~~
f = ->
  if position
    return name: pair
  else
    return name: pair.substring(0, position), value: pair.substring position + 1

`;

exports[`postfix.coffee 1`] = `
a if b
a unless b

->
  return a if b
->
  doSomething()
  return a unless b

f() if b

->
  return unless some(veryVeryVeryVeryVeryLong, condition, isActuallyFalsyCausingThisToReturn)

  return some(veryVeryVeryVeryVeryLong, returnValue, thatIsLongEnoughToBreakLineItself) unless someCondition

  otherwise()
~~~~~~~~~~~~~~~~~~~~~~~~~~~~~~~~~~~~~~~~~~~~~~~~~~~~~~~~~~~~~~~~~~~~~~~~~~~~~~~~
a if b
a unless b

->
  return a if b
->
  doSomething()
  return a unless b

f() if b

->
  return unless some(
    veryVeryVeryVeryVeryLong
    condition
    isActuallyFalsyCausingThisToReturn
  )

  return some(
    veryVeryVeryVeryVeryLong
    returnValue
    thatIsLongEnoughToBreakLineItself
  ) unless someCondition

  otherwise()

`;
