// Jest Snapshot v1, https://goo.gl/fbAQLP

exports[`update_expression.coffee 1`] = `
(this.x++).toString()
new (r++)
(x++)()
uuid = String(this._uuidCounter++)
~~~~~~~~~~~~~~~~~~~~~~~~~~~~~~~~~~~~~~~~~~~~~~~~~~~~~~~~~~~~~~~~~~~~~~~~~~~~~~~~
(this.x++).toString()
new (r++)()
(x++)()
uuid = String this._uuidCounter++

`;
