// Jest Snapshot v1, https://goo.gl/fbAQLP

exports[`breaking-when.coffee 1`] = `
for a in b when llllllllllloooooooonnnnnnggggggggg and oooooooowwwwwwwwwweeeeeeeee
  c
~~~~~~~~~~~~~~~~~~~~~~~~~~~~~~~~~~~~~~~~~~~~~~~~~~~~~~~~~~~~~~~~~~~~~~~~~~~~~~~~
for a in b when (
  llllllllllloooooooonnnnnnggggggggg and oooooooowwwwwwwwwweeeeeeeee
)
  c

`;

exports[`postfix-parens.coffee 1`] = `
(-> a) for b in c

(return a) for b in c

(return a b) for c in d

(return a: b) for c in d

return (a for b in c)
~~~~~~~~~~~~~~~~~~~~~~~~~~~~~~~~~~~~~~~~~~~~~~~~~~~~~~~~~~~~~~~~~~~~~~~~~~~~~~~~
(-> a) for b in c

return a for b in c

return a b for c in d

return a: b for c in d

return (a for b in c)

`;
