// Jest Snapshot v1, https://goo.gl/fbAQLP

exports[`indent-when-breaking.coffee 1`] = `
aaaaaaaaaaaaaaaaaaaaaaaaaaaaaaaaaaaaaaaaaaaaaaaaaaaaaaa().bbbbbbbbbbbbbbbbbbbbbbbb
~~~~~~~~~~~~~~~~~~~~~~~~~~~~~~~~~~~~~~~~~~~~~~~~~~~~~~~~~~~~~~~~~~~~~~~~~~~~~~~~
aaaaaaaaaaaaaaaaaaaaaaaaaaaaaaaaaaaaaaaaaaaaaaaaaaaaaaa()
  .bbbbbbbbbbbbbbbbbbbbbbbb

`;

exports[`indent-when-breaking.coffee 2`] = `
aaaaaaaaaaaaaaaaaaaaaaaaaaaaaaaaaaaaaaaaaaaaaaaaaaaaaaa().bbbbbbbbbbbbbbbbbbbbbbbb
~~~~~~~~~~~~~~~~~~~~~~~~~~~~~~~~~~~~~~~~~~~~~~~~~~~~~~~~~~~~~~~~~~~~~~~~~~~~~~~~
aaaaaaaaaaaaaaaaaaaaaaaaaaaaaaaaaaaaaaaaaaaaaaaaaaaaaaa()
.bbbbbbbbbbbbbbbbbbbbbbbb

`;
