// Jest Snapshot v1, https://goo.gl/fbAQLP

exports[`no_regression.coffee 1`] = `
# Ensure no regression.
"use strict"
~~~~~~~~~~~~~~~~~~~~~~~~~~~~~~~~~~~~~~~~~~~~~~~~~~~~~~~~~~~~~~~~~~~~~~~~~~~~~~~~
# Ensure no regression.
'use strict'

`;

exports[`use_strict.coffee 1`] = `
# Parentheses around expression statement should be preserved in this case.
("use strict")
~~~~~~~~~~~~~~~~~~~~~~~~~~~~~~~~~~~~~~~~~~~~~~~~~~~~~~~~~~~~~~~~~~~~~~~~~~~~~~~~
# Parentheses around expression statement should be preserved in this case.
('use strict')

`;
