// Jest Snapshot v1, https://goo.gl/fbAQLP

exports[`do.coffee 1`] = `
do ->

do -> a.b()

x = do (a, b = c) ->
  return something() if b
  somethingElse()

do a

f do b.c
~~~~~~~~~~~~~~~~~~~~~~~~~~~~~~~~~~~~~~~~~~~~~~~~~~~~~~~~~~~~~~~~~~~~~~~~~~~~~~~~
do ->

do -> a.b()

x = do (a, b = c) ->
  return something() if b
  somethingElse()

do a

f do b.c

`;
