// Jest Snapshot v1, https://goo.gl/fbAQLP

exports[`binary.coffee 1`] = `
funnelSnapshotCard =
  if report is MY_OVERVIEW and not ReportGK.xar_metrics_active_capitol_v2 or report is COMPANY_OVERVIEW and not ReportGK.xar_metrics_active_capitol_v2_company_metrics
    <ReportMetricsFunnelSnapshotCard metrics={metrics} />
  else
    null

room = room.map (row, rowIndex) ->
  row.map (col, colIndex) ->
    if rowIndex is 0 or colIndex is 0 or rowIndex is height or colIndex is width
      1
    else
      0
~~~~~~~~~~~~~~~~~~~~~~~~~~~~~~~~~~~~~~~~~~~~~~~~~~~~~~~~~~~~~~~~~~~~~~~~~~~~~~~~
funnelSnapshotCard =
  if (
    (report is MY_OVERVIEW and not ReportGK.xar_metrics_active_capitol_v2) or
    (report is COMPANY_OVERVIEW and
      not ReportGK.xar_metrics_active_capitol_v2_company_metrics)
  )
    <ReportMetricsFunnelSnapshotCard metrics={metrics} />
  else
    null

room = room.map (row, rowIndex) ->
  row.map (col, colIndex) ->
    if rowIndex is 0 or colIndex is 0 or rowIndex is height or colIndex is width
      1
    else
      0

`;

exports[`nested.coffee 1`] = `
icecream = if what is 'cone'
  (p) -> if !!p then "here's your #{p} cone" else 'just the empty cone for you'
else
  (p) -> "here's your #{p} #{what}"
~~~~~~~~~~~~~~~~~~~~~~~~~~~~~~~~~~~~~~~~~~~~~~~~~~~~~~~~~~~~~~~~~~~~~~~~~~~~~~~~
icecream =
  if what is 'cone'
    (p) ->
      if !!p then "here's your #{p} cone" else 'just the empty cone for you'
  else
    (p) -> "here's your #{p} #{what}"

`;
