// Jest Snapshot v1, https://goo.gl/fbAQLP

exports[`test.coffee 1`] = `
spaces = <div>]   [</div>
tabs = <div>]      [</div>
slash_n = <div>]


[</div>
slash_r = <div>]


[</div>


slash_f = <div>][</div>
slash_v = <div>][</div>
non_breaking_spaces = <div>]   [</div>
em_space = <div>]   [</div>
hair_space = <div>]  [</div>
zero_width_space = <div>]​​​[</div>
~~~~~~~~~~~~~~~~~~~~~~~~~~~~~~~~~~~~~~~~~~~~~~~~~~~~~~~~~~~~~~~~~~~~~~~~~~~~~~~~
spaces = <div>] [</div>
tabs = <div>] [</div>
slash_n = <div>] [</div>
slash_r = <div>] [</div>

slash_f = <div>][</div>
slash_v = <div>][</div>
non_breaking_spaces = <div>]   [</div>
em_space = <div>]   [</div>
hair_space = <div>]  [</div>
zero_width_space = <div>]​​​[</div>

`;
