// Jest Snapshot v1, https://goo.gl/fbAQLP

exports[`unary_expression.coffee 1`] = `
!!x
!x
not not x
not x
x++
x--
++x
--x
-+1
x + + + + 1
x + (+ (+ (+ 1)))
x - - - - 1
x - (- (- (- 1)))
x * +y
+x * y
~~~~~~~~~~~~~~~~~~~~~~~~~~~~~~~~~~~~~~~~~~~~~~~~~~~~~~~~~~~~~~~~~~~~~~~~~~~~~~~~
!!x
not x
!!x
not x
x++
x--
++x
--x
-+1
x + +(+(+1))
x + +(+(+1))
x - -(-(-1))
x - -(-(-1))
x * +y
+x * y

`;
