// Jest Snapshot v1, https://goo.gl/fbAQLP

exports[`assignment-condition.coffee 1`] = `
unless aaaaaaaaaaaaaaaaaaaaaaaaaaaaaaaaaaaaa = bbbbbbbbbbbbbbbbbbbbbbbbbbbbbbbbbbbbb
  c

until aaaaaaaaaaaaaaaaaaaaaaaaaaaaaaaaaaaaa = bbbbbbbbbbbbbbbbbbbbbbbbbbbbbbbbbbbbb
  c

switch aaaaaaaaaaaaaaaaaaaaaaaaaaaaaaaaaaaaa = bbbbbbbbbbbbbbbbbbbbbbbbbbbbbbbbbbbbb
  when c then d

c if aaaaaaaaaaaaaaaaaaaaaaaaaaaaaaaaaaaaa = bbbbbbbbbbbbbbbbbbbbbbbbbbbbbbbbbbbbb

c while aaaaaaaaaaaaaaaaaaaaaaaaaaaaaaaaaaaaa = bbbbbbbbbbbbbbbbbbbbbbbbbbbbbbbbbbbbb

if (class AAAAAAAAAAAAAAAAAAAAAAAAAAAAAAAAAAAAAAAAAAAAAAAAAAAAAAAAAAAAAAAAAAAAAAAAAAA)
  b

while (class AAAAAAAAAAAAAAAAAAAAAAAAAAAAAAAAAAAAAAAAAAAAAAAAAAAAAAAAAAAAAAAAAAAAAAAAAAA)
  b

switch (class AAAAAAAAAAAAAAAAAAAAAAAAAAAAAAAAAAAAAAAAAAAAAAAAAAAAAAAAAAAAAAAAAAAAAAAAAAA)
  when b then c

b if (class AAAAAAAAAAAAAAAAAAAAAAAAAAAAAAAAAAAAAAAAAAAAAAAAAAAAAAAAAAAAAAAAAAAAAAAAAAA)

b while (class AAAAAAAAAAAAAAAAAAAAAAAAAAAAAAAAAAAAAAAAAAAAAAAAAAAAAAAAAAAAAAAAAAAAAAAAAAA)
~~~~~~~~~~~~~~~~~~~~~~~~~~~~~~~~~~~~~~~~~~~~~~~~~~~~~~~~~~~~~~~~~~~~~~~~~~~~~~~~
unless (
  aaaaaaaaaaaaaaaaaaaaaaaaaaaaaaaaaaaaa = bbbbbbbbbbbbbbbbbbbbbbbbbbbbbbbbbbbbb
)
  c

until (
  aaaaaaaaaaaaaaaaaaaaaaaaaaaaaaaaaaaaa = bbbbbbbbbbbbbbbbbbbbbbbbbbbbbbbbbbbbb
)
  c

switch (
  aaaaaaaaaaaaaaaaaaaaaaaaaaaaaaaaaaaaa = bbbbbbbbbbbbbbbbbbbbbbbbbbbbbbbbbbbbb
)
  when c then d

c if (
  aaaaaaaaaaaaaaaaaaaaaaaaaaaaaaaaaaaaa = bbbbbbbbbbbbbbbbbbbbbbbbbbbbbbbbbbbbb
)

c while (
  aaaaaaaaaaaaaaaaaaaaaaaaaaaaaaaaaaaaa = bbbbbbbbbbbbbbbbbbbbbbbbbbbbbbbbbbbbb
)

if (
  class AAAAAAAAAAAAAAAAAAAAAAAAAAAAAAAAAAAAAAAAAAAAAAAAAAAAAAAAAAAAAAAAAAAAAAAAAAA
)
  b

while (
  class AAAAAAAAAAAAAAAAAAAAAAAAAAAAAAAAAAAAAAAAAAAAAAAAAAAAAAAAAAAAAAAAAAAAAAAAAAA
)
  b

switch (
  class AAAAAAAAAAAAAAAAAAAAAAAAAAAAAAAAAAAAAAAAAAAAAAAAAAAAAAAAAAAAAAAAAAAAAAAAAAA
)
  when b then c

b if (
  class AAAAAAAAAAAAAAAAAAAAAAAAAAAAAAAAAAAAAAAAAAAAAAAAAAAAAAAAAAAAAAAAAAAAAAAAAAA
)

b while (
  class AAAAAAAAAAAAAAAAAAAAAAAAAAAAAAAAAAAAAAAAAAAAAAAAAAAAAAAAAAAAAAAAAAAAAAAAAAA
)

`;
