// Jest Snapshot v1, https://goo.gl/fbAQLP

exports[`assignment-body.coffee 1`] = `
a = b if c

a = b while c

a = b for c in d

aaaaaaaaaaaaaaaaaaaaa = bbbbbbbbbbbbbbbbbbbbbbbbbbbbbbbbbbbbbbbbbbbbbbbbbbbbbbbbbb if c

aaaaaaaaaaaaaaaaaaaaa = bbbbbbbbbbbbbbbbbbbbbbbbbbbbbbbbbbbbbbbbbbbbbbbbbbbbbbbbbb while c

aaaaaaaaaaaaaaaaaaaaa = bbbbbbbbbbbbbbbbbbbbbbbbbbbbbbbbbbbbbbbbbbbbbbbbbbbbbbbbbb for c in d

aaaaaaaaaaaaaaaaaaaaa = bbbbbbbbbbbbbbbbbbbbbbbbbbbbbb if cccccccccccccccccccccccc

aaaaaaaaaaaaaaaaaaaaa = bbbbbbbbbbbbbbbbbbbbbbbbbbbbbb while cccccccccccccccccccccccc

aaaaaaaaaaaaaaaaaaaaa = bbbbbbbbbbbbbbbbbbbbbbbbbbbbbb for cccccccccccccccccccccccc in d

aaaaaaaaaaaaaaaaaaaaa = bbbbbbbbbbbbbbbbbbbbbbbbbbbbbb for ccc in d when eeeeeeee(fffffffff)

aaaaaaaaaaaaaaaaaaaaa = [bbbbbbbbbbbbbbbbbbbbbbbbbbbbbbbbbbbbbbbbbbbbbbbbbbbbbbbbbb] if c

aaaaaaaaaaaaaaaaaaaaa = [bbbbbbbbbbbbbbbbbbbbbbbbbbbbbbbbbbbbbbbbbbbbbbbbbbbbbbbbbb] while c

aaaaaaaaaaaaaaaaaaaaa = [bbbbbbbbbbbbbbbbbbbbbbbbbbbbbbbbbbbbbbbbbbbbbbbbbbbbbbbbbb] for c in d
~~~~~~~~~~~~~~~~~~~~~~~~~~~~~~~~~~~~~~~~~~~~~~~~~~~~~~~~~~~~~~~~~~~~~~~~~~~~~~~~
a = b if c

a = b while c

(a = b) for c in d

(
  aaaaaaaaaaaaaaaaaaaaa =
    bbbbbbbbbbbbbbbbbbbbbbbbbbbbbbbbbbbbbbbbbbbbbbbbbbbbbbbbbb
) if c

(
  aaaaaaaaaaaaaaaaaaaaa =
    bbbbbbbbbbbbbbbbbbbbbbbbbbbbbbbbbbbbbbbbbbbbbbbbbbbbbbbbbb
) while c

(
  aaaaaaaaaaaaaaaaaaaaa =
    bbbbbbbbbbbbbbbbbbbbbbbbbbbbbbbbbbbbbbbbbbbbbbbbbbbbbbbbbb
) for c in d

aaaaaaaaaaaaaaaaaaaaa = bbbbbbbbbbbbbbbbbbbbbbbbbbbbbb if (
  cccccccccccccccccccccccc
)

aaaaaaaaaaaaaaaaaaaaa = bbbbbbbbbbbbbbbbbbbbbbbbbbbbbb while (
  cccccccccccccccccccccccc
)

(
  aaaaaaaaaaaaaaaaaaaaa = bbbbbbbbbbbbbbbbbbbbbbbbbbbbbb
) for cccccccccccccccccccccccc in d

(aaaaaaaaaaaaaaaaaaaaa = bbbbbbbbbbbbbbbbbbbbbbbbbbbbbb) for ccc in d when (
  eeeeeeee fffffffff
)

aaaaaaaaaaaaaaaaaaaaa = [
  bbbbbbbbbbbbbbbbbbbbbbbbbbbbbbbbbbbbbbbbbbbbbbbbbbbbbbbbbb
] if c

aaaaaaaaaaaaaaaaaaaaa = [
  bbbbbbbbbbbbbbbbbbbbbbbbbbbbbbbbbbbbbbbbbbbbbbbbbbbbbbbbbb
] while c

(aaaaaaaaaaaaaaaaaaaaa = [
  bbbbbbbbbbbbbbbbbbbbbbbbbbbbbbbbbbbbbbbbbbbbbbbbbbbbbbbbbb
]) for c in d

`;
