// Jest Snapshot v1, https://goo.gl/fbAQLP

exports[`series.coffee 1`] = `
1 + ++x
1 + x++

+ ++x
+ x++

x++ + 1
++x + 1

1 - --x
1 - x--

- --x
- x--

x-- - 1
--x - 1
~~~~~~~~~~~~~~~~~~~~~~~~~~~~~~~~~~~~~~~~~~~~~~~~~~~~~~~~~~~~~~~~~~~~~~~~~~~~~~~~
1 + ++x
1 + x++

+(++x)
+x++

x++ + 1
++x + 1

1 - --x
1 - x--

-(--x)
-x--

x-- - 1
--x - 1

`;
